// Jest Snapshot v1, https://goo.gl/fbAQLP

exports[`Tests Controls render should render it 1`] = `
<div class="controls-container">
  <div class="control">
    <fgcolorselector-stub fgcolor="#ffffff"></fgcolorselector-stub>
  </div>
  <div class="control">
    <bgcolorselector-stub bgcolor1="#ffffff" bgcolor2="#141414" gradient="true"></bgcolorselector-stub>
  </div>
  <div class="control">
    <saveconfig-stub name="" configs=""></saveconfig-stub>
  </div>
</div>
`;
