// Jest Snapshot v1, https://goo.gl/fbAQLP

exports[`Tests SaveConfig render should render it 1`] = `
<div class="glass-container-controls main-input-container"><span class="save-config-title">Save config</span>
  <div class="input-container">
    <div class="input-box">
      <!----> <input id="configName" type="text" name="configName" placeholder="Config name" class="input-text">
    </div>
  </div>
  <button-stub><svg xmlns="http://www.w3.org/2000/svg" fill="none" viewBox="0 0 24 24" stroke="currentColor">
      <path stroke-linecap="round" stroke-linejoin="round" stroke-width="2" d="M8 7H5a2 2 0 00-2 2v9a2 2 0 002 2h14a2 2 0 002-2V9a2 2 0 00-2-2h-3m-1 4l-3 3m0 0l-3-3m3 3V4"></path>
    </svg> <span>Save config</span></button-stub>
</div>
`;
